META,implementation,(name='micropython', version=(1, 28, 0, ''), _machine='Raspberry Pi Pico 2 W with RP2350', _mpy=7942, _build='RPI_PICO2_W', _thread='unsafe')
META,uname,(sysname='rp2', nodename='rp2', release='1.28.0', version='v1.28.0 on 2026-04-06 (GNU 14.2.0 MinSizeRel)', machine='Raspberry Pi Pico 2 W with RP2350')
META,cpu_hz,150000000
META,timer,time.ticks_us
META,samples,31
META,integer_n,20000
META,integer_calls_per_sample,20
META,buffer_size_bytes,4096
META,buffer_calls_per_sample,20
META,xor_mask,0x5a
VERIFY,integer,200010000
VERIFY,buffer,ok
RAW,integer,bytecode,1,797658
RAW,integer,native,1,371859
RAW,integer,viper,1,29584
RAW,integer,asm_thumb,1,10873
RAW,integer,native,2,371836
RAW,integer,viper,2,29559
RAW,integer,asm_thumb,2,10870
RAW,integer,bytecode,2,797662
RAW,integer,viper,3,29545
RAW,integer,asm_thumb,3,10870
RAW,integer,bytecode,3,797695
RAW,integer,native,3,371857
RAW,integer,asm_thumb,4,10855
RAW,integer,bytecode,4,797666
RAW,integer,native,4,371889
RAW,integer,viper,4,29554
RAW,integer,bytecode,5,797648
RAW,integer,native,5,371856
RAW,integer,viper,5,29551
RAW,integer,asm_thumb,5,10872
RAW,integer,native,6,371833
RAW,integer,viper,6,29554
RAW,integer,asm_thumb,6,10867
RAW,integer,bytecode,6,797700
RAW,integer,viper,7,29536
RAW,integer,asm_thumb,7,10868
RAW,integer,bytecode,7,797662
RAW,integer,native,7,371891
RAW,integer,asm_thumb,8,10851
RAW,integer,bytecode,8,797705
RAW,integer,native,8,371897
RAW,integer,viper,8,29549
RAW,integer,bytecode,9,797649
RAW,integer,native,9,371889
RAW,integer,viper,9,29587
RAW,integer,asm_thumb,9,10868
RAW,integer,native,10,371830
RAW,integer,viper,10,29586
RAW,integer,asm_thumb,10,10871
RAW,integer,bytecode,10,797657
RAW,integer,viper,11,29529
RAW,integer,asm_thumb,11,10903
RAW,integer,bytecode,11,797666
RAW,integer,native,11,371856
RAW,integer,asm_thumb,12,10852
RAW,integer,bytecode,12,797660
RAW,integer,native,12,371889
RAW,integer,viper,12,29549
RAW,integer,bytecode,13,797648
RAW,integer,native,13,371891
RAW,integer,viper,13,29579
RAW,integer,asm_thumb,13,10905
RAW,integer,native,14,371854
RAW,integer,viper,14,29587
RAW,integer,asm_thumb,14,10907
RAW,integer,bytecode,14,797702
RAW,integer,viper,15,29536
RAW,integer,asm_thumb,15,10909
RAW,integer,bytecode,15,797664
RAW,integer,native,15,371852
RAW,integer,asm_thumb,16,10853
RAW,integer,bytecode,16,797659
RAW,integer,native,16,371859
RAW,integer,viper,16,29551
RAW,integer,bytecode,17,797642
RAW,integer,native,17,371837
RAW,integer,viper,17,29556
RAW,integer,asm_thumb,17,10869
RAW,integer,native,18,371854
RAW,integer,viper,18,29551
RAW,integer,asm_thumb,18,10900
RAW,integer,bytecode,18,797664
RAW,integer,viper,19,29532
RAW,integer,asm_thumb,19,10904
RAW,integer,bytecode,19,797668
RAW,integer,native,19,371846
RAW,integer,asm_thumb,20,10852
RAW,integer,bytecode,20,797661
RAW,integer,native,20,371888
RAW,integer,viper,20,29584
RAW,integer,bytecode,21,797651
RAW,integer,native,21,371891
RAW,integer,viper,21,29552
RAW,integer,asm_thumb,21,10868
RAW,integer,native,22,371849
RAW,integer,viper,22,29548
RAW,integer,asm_thumb,22,10904
RAW,integer,bytecode,22,797694
RAW,integer,viper,23,29535
RAW,integer,asm_thumb,23,10869
RAW,integer,bytecode,23,797666
RAW,integer,native,23,371852
RAW,integer,asm_thumb,24,10855
RAW,integer,bytecode,24,797659
RAW,integer,native,24,371855
RAW,integer,viper,24,29557
RAW,integer,bytecode,25,797645
RAW,integer,native,25,371893
RAW,integer,viper,25,29554
RAW,integer,asm_thumb,25,10870
RAW,integer,native,26,371832
RAW,integer,viper,26,29583
RAW,integer,asm_thumb,26,10904
RAW,integer,bytecode,26,797705
RAW,integer,viper,27,29535
RAW,integer,asm_thumb,27,10866
RAW,integer,bytecode,27,797667
RAW,integer,native,27,371850
RAW,integer,asm_thumb,28,10872
RAW,integer,bytecode,28,797661
RAW,integer,native,28,371888
RAW,integer,viper,28,29551
RAW,integer,bytecode,29,797646
RAW,integer,native,29,371893
RAW,integer,viper,29,29554
RAW,integer,asm_thumb,29,10872
RAW,integer,native,30,371851
RAW,integer,viper,30,29538
RAW,integer,asm_thumb,30,10868
RAW,integer,bytecode,30,797663
RAW,integer,viper,31,29532
RAW,integer,asm_thumb,31,10865
RAW,integer,bytecode,31,797662
RAW,integer,native,31,371891
RAW,buffer,bytecode,1,424698
RAW,buffer,native,1,308857
RAW,buffer,viper,1,21540
RAW,buffer,asm_thumb,1,4692
RAW,buffer,native,2,308838
RAW,buffer,viper,2,21525
RAW,buffer,asm_thumb,2,4707
RAW,buffer,bytecode,2,424732
RAW,buffer,viper,3,21520
RAW,buffer,asm_thumb,3,4705
RAW,buffer,bytecode,3,424727
RAW,buffer,native,3,308855
RAW,buffer,asm_thumb,4,4689
RAW,buffer,bytecode,4,424720
RAW,buffer,native,4,308835
RAW,buffer,viper,4,21537
RAW,buffer,bytecode,5,424714
RAW,buffer,native,5,308852
RAW,buffer,viper,5,21539
RAW,buffer,asm_thumb,5,4712
RAW,buffer,native,6,308837
RAW,buffer,viper,6,21536
RAW,buffer,asm_thumb,6,4706
RAW,buffer,bytecode,6,424707
RAW,buffer,viper,7,21527
RAW,buffer,asm_thumb,7,4691
RAW,buffer,bytecode,7,424723
RAW,buffer,native,7,308852
RAW,buffer,asm_thumb,8,4692
RAW,buffer,bytecode,8,424716
RAW,buffer,native,8,308858
RAW,buffer,viper,8,21538
RAW,buffer,bytecode,9,424705
RAW,buffer,native,9,308852
RAW,buffer,viper,9,21537
RAW,buffer,asm_thumb,9,4708
RAW,buffer,native,10,308833
RAW,buffer,viper,10,21530
RAW,buffer,asm_thumb,10,4704
RAW,buffer,bytecode,10,424723
RAW,buffer,viper,11,21525
RAW,buffer,asm_thumb,11,4707
RAW,buffer,bytecode,11,424730
RAW,buffer,native,11,308855
RAW,buffer,asm_thumb,12,4691
RAW,buffer,bytecode,12,424722
RAW,buffer,native,12,308842
RAW,buffer,viper,12,21540
RAW,buffer,bytecode,13,424707
RAW,buffer,native,13,308853
RAW,buffer,viper,13,21535
RAW,buffer,asm_thumb,13,4693
RAW,buffer,native,14,308840
RAW,buffer,viper,14,21540
RAW,buffer,asm_thumb,14,4705
RAW,buffer,bytecode,14,424711
RAW,buffer,viper,15,21525
RAW,buffer,asm_thumb,15,4709
RAW,buffer,bytecode,15,424728
RAW,buffer,native,15,308844
RAW,buffer,asm_thumb,16,4690
RAW,buffer,bytecode,16,424725
RAW,buffer,native,16,308832
RAW,buffer,viper,16,21526
RAW,buffer,bytecode,17,424713
RAW,buffer,native,17,308840
RAW,buffer,viper,17,21540
RAW,buffer,asm_thumb,17,4694
RAW,buffer,native,18,308844
RAW,buffer,viper,18,21523
RAW,buffer,asm_thumb,18,4707
RAW,buffer,bytecode,18,424731
RAW,buffer,viper,19,21522
RAW,buffer,asm_thumb,19,4703
RAW,buffer,bytecode,19,424719
RAW,buffer,native,19,308835
RAW,buffer,asm_thumb,20,4692
RAW,buffer,bytecode,20,424725
RAW,buffer,native,20,308841
RAW,buffer,viper,20,21523
RAW,buffer,bytecode,21,424706
RAW,buffer,native,21,308841
RAW,buffer,viper,21,21542
RAW,buffer,asm_thumb,21,4705
RAW,buffer,native,22,308840
RAW,buffer,viper,22,21524
RAW,buffer,asm_thumb,22,4708
RAW,buffer,bytecode,22,424725
RAW,buffer,viper,23,21522
RAW,buffer,asm_thumb,23,4693
RAW,buffer,bytecode,23,424729
RAW,buffer,native,23,308860
RAW,buffer,asm_thumb,24,4687
RAW,buffer,bytecode,24,424732
RAW,buffer,native,24,308853
RAW,buffer,viper,24,21545
RAW,buffer,bytecode,25,424705
RAW,buffer,native,25,308857
RAW,buffer,viper,25,21539
RAW,buffer,asm_thumb,25,4689
RAW,buffer,native,26,308842
RAW,buffer,viper,26,21538
RAW,buffer,asm_thumb,26,4707
RAW,buffer,bytecode,26,424730
RAW,buffer,viper,27,21531
RAW,buffer,asm_thumb,27,4705
RAW,buffer,bytecode,27,424728
RAW,buffer,native,27,308858
RAW,buffer,asm_thumb,28,4692
RAW,buffer,bytecode,28,424721
RAW,buffer,native,28,308856
RAW,buffer,viper,28,21540
RAW,buffer,bytecode,29,424707
RAW,buffer,native,29,308853
RAW,buffer,viper,29,21528
RAW,buffer,asm_thumb,29,4705
RAW,buffer,native,30,308837
RAW,buffer,viper,30,21523
RAW,buffer,asm_thumb,30,4710
RAW,buffer,bytecode,30,424729
RAW,buffer,viper,31,21524
RAW,buffer,asm_thumb,31,4704
RAW,buffer,bytecode,31,424709
RAW,buffer,native,31,308854
SUMMARY,workload,emitter,min_us,median_us,max_us,speedup_vs_bytecode
SUMMARY,integer,bytecode,797642,797662,797705,1.000
SUMMARY,integer,native,371830,371856,371897,2.145
SUMMARY,integer,viper,29529,29551,29587,26.993
SUMMARY,integer,asm_thumb,10851,10870,10909,73.382
SUMMARY,buffer,bytecode,424698,424722,424732,1.000
SUMMARY,buffer,native,308832,308844,308860,1.375
SUMMARY,buffer,viper,21520,21531,21545,19.726
SUMMARY,buffer,asm_thumb,4687,4704,4712,90.290
